#-----------------------------------------------------------
# Vivado v2023.2 (64-bit)
# SW Build 4029153 on Fri Oct 13 20:14:34 MDT 2023
# IP Build 4028589 on Sat Oct 14 00:45:43 MDT 2023
# SharedData Build 4025554 on Tue Oct 10 17:18:54 MDT 2023
# Start of session at: Thu Nov 28 22:29:01 2024
# Process ID: 8080
# Current directory: C:/Users/G1503/Desktop/jizu/LA/LA/cdp_ede_local-master/mycpu_env_test8/mycpu_env/mycpu_env/soc_verify/soc_bram/run_vivado/project
# Command line: vivado.exe -gui_launcher_event rodinguilauncherevent17040 C:\Users\G1503\Desktop\jizu\LA\LA\cdp_ede_local-master\mycpu_env_test8\mycpu_env\mycpu_env\soc_verify\soc_bram\run_vivado\project\loongson.xpr
# Log file: C:/Users/G1503/Desktop/jizu/LA/LA/cdp_ede_local-master/mycpu_env_test8/mycpu_env/mycpu_env/soc_verify/soc_bram/run_vivado/project/vivado.log
# Journal file: C:/Users/G1503/Desktop/jizu/LA/LA/cdp_ede_local-master/mycpu_env_test8/mycpu_env/mycpu_env/soc_verify/soc_bram/run_vivado/project\vivado.jou
# Running On: DESKTOP-KCALV2U, OS: Windows, CPU Frequency: 2712 MHz, CPU Physical cores: 2, Host memory: 8494 MB
#-----------------------------------------------------------
start_gui
open_project C:/Users/G1503/Desktop/jizu/LA/LA/cdp_ede_local-master/mycpu_env_test8/mycpu_env/mycpu_env/soc_verify/soc_bram/run_vivado/project/loongson.xpr
update_compile_order -fileset sources_1
